

================================================================
== Synthesis Summary Report of 'led_control'
================================================================
+ General Information: 
    * Date:           Mon Nov 13 15:31:14 2023
    * Version:        2023.1 (Build 3854077 on May  4 2023)
    * Project:        led_control
    * Solution:       solution1 (Vivado IP Flow Target)
    * Product family: zynq
    * Target device:  xc7z020-clg484-2
    

+ Performance & Resource Estimates: 
    
    PS: '+' for module; 'o' for loop; '*' for dataflow
    +-------------------+------+------+----------+-----------+----------+----------+----------+----------+------+----+----------+-----------+-----+
    |      Modules      | Issue|      | Latency  |  Latency  | Iteration|          |   Trip   |          |      |    |          |           |     |
    |      & Loops      | Type | Slack| (cycles) |    (ns)   |  Latency | Interval |   Count  | Pipelined| BRAM | DSP|    FF    |    LUT    | URAM|
    +-------------------+------+------+----------+-----------+----------+----------+----------+----------+------+----+----------+-----------+-----+
    |+ led_control      |     -|  4.26|  50000002|  5.000e+08|         -|  50000003|         -|        no|     -|   -|  28 (~0%)|  109 (~0%)|    -|
    | o VITIS_LOOP_8_1  |     -|  7.30|  50000000|  5.000e+08|         1|         1|  50000000|       yes|     -|   -|         -|          -|    -|
    +-------------------+------+------+----------+-----------+----------+----------+----------+----------+------+----+----------+-----------+-----+


================================================================
== HW Interfaces
================================================================
* Other Ports
+------+---------+-----------+----------+
| Port | Mode    | Direction | Bitwidth |
+------+---------+-----------+----------+
| led  | ap_none | out       | 1        |
+------+---------+-----------+----------+

* TOP LEVEL CONTROL
+-----------+--------------+--------+
| Interface | Type         | Ports  |
+-----------+--------------+--------+
| ap_clk    | clock        | ap_clk |
| ap_rst    | reset        | ap_rst |
| ap_ctrl   | ap_ctrl_none |        |
+-----------+--------------+--------+


================================================================
== SW I/O Information
================================================================
* Top Function Arguments
+----------+-----------+------------+
| Argument | Direction | Datatype   |
+----------+-----------+------------+
| led      | out       | ap_int<1>& |
+----------+-----------+------------+

* SW-to-HW Mapping
+----------+--------------+---------+
| Argument | HW Interface | HW Type |
+----------+--------------+---------+
| led      | led          | port    |
+----------+--------------+---------+


================================================================
== Bind Op Report
================================================================
+----------------+-----+--------+----------+-----+--------+---------+
| Name           | DSP | Pragma | Variable | Op  | Impl   | Latency |
+----------------+-----+--------+----------+-----+--------+---------+
| + led_control  | 0   |        |          |     |        |         |
|   i_2_fu_84_p2 | -   |        | i_2      | add | fabric | 0       |
+----------------+-----+--------+----------+-----+--------+---------+


================================================================
== Bind Storage Report
================================================================
  No bind storage info in design

================================================================
== Pragma Report
================================================================
* Valid Pragma Syntax
+-----------+--------------------------+-------------------------------------------------+
| Type      | Options                  | Location                                        |
+-----------+--------------------------+-------------------------------------------------+
| interface | ap_none port=led         | source/led_control.cpp:5 in led_control, led    |
| interface | ap_ctrl_none port=return | source/led_control.cpp:6 in led_control, return |
+-----------+--------------------------+-------------------------------------------------+


